<?xml version="1.0" encoding="utf-8"?>
<testsuites><testsuite name="affiliates.tests.AffiliateContextProcessorsTests"><testcase classname="affiliates.tests.AffiliateContextProcessorsTests" name="test_first_page_visit_populate_context" time="3.244330"></testcase><testcase classname="affiliates.tests.AffiliateContextProcessorsTests" name="test_not_from_affiliate_populate_context" time="0.004817"></testcase><testcase classname="affiliates.tests.AffiliateContextProcessorsTests" name="test_second_page_visit" time="0.004474"></testcase></testsuite><testsuite name="affiliates.tests.AffiliateMiddlewareTest"><testcase classname="affiliates.tests.AffiliateMiddlewareTest" name="test_get_affiliate_from_request" time="0.010137"></testcase><testcase classname="affiliates.tests.AffiliateMiddlewareTest" name="test_get_code_from_request" time="0.000413"></testcase><testcase classname="affiliates.tests.AffiliateMiddlewareTest" name="test_invalid_affiliate" time="0.005633"></testcase><testcase classname="affiliates.tests.AffiliateMiddlewareTest" name="test_process_request" time="0.008140"></testcase><testcase classname="affiliates.tests.AffiliateMiddlewareTest" name="test_process_response" time="0.012416"></testcase></testsuite><testsuite name="affiliates.tests.AffiliateModelTests"><testcase classname="affiliates.tests.AffiliateModelTests" name="test_get_seen_cookie" time="0.003868"></testcase><testcase classname="affiliates.tests.AffiliateModelTests" name="test_unicode" time="0.003987"></testcase></testsuite><testsuite name="affiliates.tests.AffiliatesManagementCommandsTests"><testcase classname="affiliates.tests.AffiliatesManagementCommandsTests" name="test_upload_trips_to_cj_no_trips" time="0.670269"></testcase><testcase classname="affiliates.tests.AffiliatesManagementCommandsTests" name="test_upload_trips_to_cj_upload" time="0.175760"></testcase><testcase classname="affiliates.tests.AffiliatesManagementCommandsTests" name="test_upload_trips_to_cj_upload_failure" time="0.175799"></testcase></testsuite><testsuite name="affiliates.tests.CommissionJunctionTest"><testcase classname="affiliates.tests.CommissionJunctionTest" name="test_generate_xml" time="0.353478"><system-out>Trip doesn't have a banner: TEST8 2014
Trip doesn't have a banner: TEST7 2014
Trip doesn't have a banner: TEST6 2014
Trip doesn't have a banner: TEST5 2014
Trip doesn't have a banner: TEST4 2014
</system-out></testcase><testcase classname="affiliates.tests.CommissionJunctionTest" name="test_get_trip_dict_no_highlights" time="0.298740"></testcase><testcase classname="affiliates.tests.CommissionJunctionTest" name="test_get_trip_dict_no_intro" time="0.309802"></testcase><testcase classname="affiliates.tests.CommissionJunctionTest" name="test_get_trip_dict_no_price" time="0.289496"></testcase><testcase classname="affiliates.tests.CommissionJunctionTest" name="test_get_trip_dict_with_image" time="0.262237"></testcase><testcase classname="affiliates.tests.CommissionJunctionTest" name="test_get_trip_dict_with_image_full_url" time="0.211004"></testcase><testcase classname="affiliates.tests.CommissionJunctionTest" name="test_get_trips_data" time="0.273634"><system-out>Trip doesn't have a banner: TEST38 2014
Trip doesn't have a banner: TEST37 2014
Trip doesn't have a banner: TEST36 2014
Trip doesn't have a banner: TEST35 2014
Trip doesn't have a banner: TEST34 2014
</system-out></testcase><testcase classname="affiliates.tests.CommissionJunctionTest" name="test_get_trips_data_error" time="0.287941"></testcase><testcase classname="affiliates.tests.CommissionJunctionTest" name="test_get_trips_data_no_trips" time="0.268607"></testcase><testcase classname="affiliates.tests.CommissionJunctionTest" name="test_upload_to_server" time="0.186607"><system-out>Uploading to Commission Junction servers.
</system-out></testcase><testcase classname="affiliates.tests.CommissionJunctionTest" name="test_upload_to_server_failure" time="0.207307"><system-out>Uploading to Commission Junction servers.
</system-out></testcase></testsuite><testsuite name="agents.tests.AgentTestCase"><testcase classname="agents.tests.AgentTestCase" name="test_agent_near_location" time="0.022484"></testcase></testsuite><testsuite name="api.tests.AccountTest"><testcase classname="api.tests.AccountTest" name="test_user_add_notfound_salesforce_id" time="0.089578"></testcase><testcase classname="api.tests.AccountTest" name="test_user_add_saleforce_id" time="0.181715"></testcase><testcase classname="api.tests.AccountTest" name="test_user_change_email" time="0.034514"></testcase><testcase classname="api.tests.AccountTest" name="test_user_change_existing_email" time="0.034329"></testcase><testcase classname="api.tests.AccountTest" name="test_user_create" time="0.193322"></testcase><testcase classname="api.tests.AccountTest" name="test_user_patch_notfound" time="0.010004"></testcase></testsuite><testsuite name="api.tests.GapipyTestCase"><testcase classname="api.tests.GapipyTestCase" name="test_update_resource" time="0.000683"></testcase></testsuite><testsuite name="api.tests.LocationFeedTestCase"><testcase classname="api.tests.LocationFeedTestCase" name="test_locations" time="0.381345"></testcase></testsuite><testsuite name="api.tests.RelatedPassengersTest"><testcase classname="api.tests.RelatedPassengersTest" name="test_filter_account_emails" time="0.000965"></testcase><testcase classname="api.tests.RelatedPassengersTest" name="test_get_related_passengers" time="0.001702"></testcase><testcase classname="api.tests.RelatedPassengersTest" name="test_get_related_passengers_none" time="0.000890"></testcase></testsuite><testsuite name="api.tests.SecuredResourceTest"><testcase classname="api.tests.SecuredResourceTest" name="test_denied_service" time="0.000843"></testcase><testcase classname="api.tests.SecuredResourceTest" name="test_filter_secured_resource" time="0.000595"></testcase><testcase classname="api.tests.SecuredResourceTest" name="test_filter_secured_resource_multiple_customers" time="0.000698"></testcase><testcase classname="api.tests.SecuredResourceTest" name="test_get_secure_resource" time="0.001539"></testcase><testcase classname="api.tests.SecuredResourceTest" name="test_public_resource" time="0.000102"></testcase><testcase classname="api.tests.SecuredResourceTest" name="test_secure_booking" time="0.000587"></testcase><testcase classname="api.tests.SecuredResourceTest" name="test_secure_profile" time="0.000254"></testcase><testcase classname="api.tests.SecuredResourceTest" name="test_secure_service" time="0.000782"></testcase><testcase classname="api.tests.SecuredResourceTest" name="test_secure_service_by_customer" time="0.001471"></testcase></testsuite><testsuite name="api.tests.ToursTestCase"><testcase classname="api.tests.ToursTestCase" name="test_get_tours_data" time="0.381617"></testcase></testsuite><testsuite name="api.tests.UserApiLinkTest"><testcase classname="api.tests.UserApiLinkTest" name="test_existing_salesforce_id_update_from_api" time="0.016852"></testcase><testcase classname="api.tests.UserApiLinkTest" name="test_multiple_results_no_bookings" time="0.020526"></testcase><testcase classname="api.tests.UserApiLinkTest" name="test_multiple_results_with_bookings" time="0.015599"></testcase><testcase classname="api.tests.UserApiLinkTest" name="test_no_existing_salesforce_id_profile_found" time="0.013103"></testcase><testcase classname="api.tests.UserApiLinkTest" name="test_no_profiles_found" time="0.014040"></testcase><testcase classname="api.tests.UserApiLinkTest" name="test_update_subscriptions" time="0.031846"></testcase></testsuite><testsuite name="api.tests.WebhookEndpointTestCase"><testcase classname="api.tests.WebhookEndpointTestCase" name="test_get_request_not_allowed" time="0.022905"></testcase><testcase classname="api.tests.WebhookEndpointTestCase" name="test_post_from_unallowed_address" time="0.089292"></testcase><testcase classname="api.tests.WebhookEndpointTestCase" name="test_post_malformed_json_event" time="0.016824"></testcase><testcase classname="api.tests.WebhookEndpointTestCase" name="test_post_non_json_data" time="0.016543"></testcase><testcase classname="api.tests.WebhookEndpointTestCase" name="test_post_webhook_created_event" time="0.016768"></testcase><testcase classname="api.tests.WebhookEndpointTestCase" name="test_send_well_formed_json_event" time="0.018021"></testcase><testcase classname="api.tests.WebhookEndpointTestCase" name="test_send_well_formed_json_event_list" time="0.019851"></testcase><testcase classname="api.tests.WebhookEndpointTestCase" name="test_update_departure_without_tour" time="0.001959"></testcase><testcase classname="api.tests.WebhookEndpointTestCase" name="test_update_past_departure" time="0.002343"></testcase></testsuite><testsuite name="api.tests.XMLFeedTest"><testcase classname="api.tests.XMLFeedTest" name="test_data_cache" time="0.159502"></testcase><testcase classname="api.tests.XMLFeedTest" name="test_invalidate_cache" time="0.144024"></testcase><testcase classname="api.tests.XMLFeedTest" name="test_remove_previous_emitter_cache" time="0.198852"></testcase><testcase classname="api.tests.XMLFeedTest" name="test_xml_cache_key" time="0.000132"></testcase></testsuite><testsuite name="cibt_visa_service.tests.VisaCheckTest"><testcase classname="cibt_visa_service.tests.VisaCheckTest" name="test_visa_is_required" time="0.234446"></testcase></testsuite><testsuite name="commerce.onlinebookings.tests.tests.AnalyticsTestCase"><testcase classname="commerce.onlinebookings.tests.tests.AnalyticsTestCase" name="test_commerce_analytics_tags" time="0.446831"></testcase><testcase classname="commerce.onlinebookings.tests.tests.AnalyticsTestCase" name="test_transaction_data" time="0.237101"></testcase><testcase classname="commerce.onlinebookings.tests.tests.AnalyticsTestCase" name="test_transaction_products" time="0.223591"></testcase></testsuite><testsuite name="commerce.onlinebookings.tests.tests.ArrivalTransferTestCase"><testcase classname="commerce.onlinebookings.tests.tests.ArrivalTransferTestCase" name="test_adding_arrival_transfer_to_booking" time="0.044110"></testcase><testcase classname="commerce.onlinebookings.tests.tests.ArrivalTransferTestCase" name="test_arrival_transfer_reciept_one_contact" time="0.083479"></testcase><testcase classname="commerce.onlinebookings.tests.tests.ArrivalTransferTestCase" name="test_arrival_transfer_reciept_two_contact" time="0.079858"></testcase><testcase classname="commerce.onlinebookings.tests.tests.ArrivalTransferTestCase" name="test_arrivaltransfer_get_contacts" time="0.059318"></testcase><testcase classname="commerce.onlinebookings.tests.tests.ArrivalTransferTestCase" name="test_creating_arrival_transfer_order" time="0.033566"></testcase></testsuite><testsuite name="commerce.onlinebookings.tests.tests.CommitBookingTestCase"><testcase classname="commerce.onlinebookings.tests.tests.CommitBookingTestCase" name="test_failures_error_types" time="0.028046"></testcase></testsuite><testsuite name="commerce.onlinebookings.tests.tests.ContactTestCase"><testcase classname="commerce.onlinebookings.tests.tests.ContactTestCase" name="test_add_contact_using_form" time="0.248965"></testcase><testcase classname="commerce.onlinebookings.tests.tests.ContactTestCase" name="test_autofill_authed_contact" time="0.071233"></testcase><testcase classname="commerce.onlinebookings.tests.tests.ContactTestCase" name="test_contact_as_compass_dict" time="0.135174"></testcase><testcase classname="commerce.onlinebookings.tests.tests.ContactTestCase" name="test_contact_as_compass_dict_strip_none_values" time="0.016937"></testcase><testcase classname="commerce.onlinebookings.tests.tests.ContactTestCase" name="test_edit_contact_using_form" time="0.347198"></testcase><testcase classname="commerce.onlinebookings.tests.tests.ContactTestCase" name="test_flight_contact" time="0.146725"></testcase><testcase classname="commerce.onlinebookings.tests.tests.ContactTestCase" name="test_generated_year_range" time="0.107615"></testcase><testcase classname="commerce.onlinebookings.tests.tests.ContactTestCase" name="test_medical_fields_not_required_for_confirming_booking_over_60_days" time="0.123339"></testcase><testcase classname="commerce.onlinebookings.tests.tests.ContactTestCase" name="test_medical_fields_required_for_confirming_booking_under_60_days" time="0.224868"></testcase><testcase classname="commerce.onlinebookings.tests.tests.ContactTestCase" name="test_remove_contact_from_booking" time="0.076196"></testcase><testcase classname="commerce.onlinebookings.tests.tests.ContactTestCase" name="test_reused_changed_form_requirements" time="0.080280"></testcase></testsuite><testsuite name="commerce.onlinebookings.tests.tests.DepartureOrderTestCase"><testcase classname="commerce.onlinebookings.tests.tests.DepartureOrderTestCase" name="test_basic_order_item_receipt" time="0.061021"></testcase></testsuite><testsuite name="commerce.onlinebookings.tests.tests.MyOwnRoomTestCase"><testcase classname="commerce.onlinebookings.tests.tests.MyOwnRoomTestCase" name="test_booking_has_myownroom_option" time="0.089944"></testcase><testcase classname="commerce.onlinebookings.tests.tests.MyOwnRoomTestCase" name="test_get_myownroom_results" time="0.133047"></testcase><testcase classname="commerce.onlinebookings.tests.tests.MyOwnRoomTestCase" name="test_myownroom_reciept" time="0.062823"></testcase></testsuite><testsuite name="commerce.onlinebookings.tests.tests.OnlineBookingProcessorTestCase"><testcase classname="commerce.onlinebookings.tests.tests.OnlineBookingProcessorTestCase" name="test_add_passenger_extra_product" time="0.217196"></testcase><testcase classname="commerce.onlinebookings.tests.tests.OnlineBookingProcessorTestCase" name="test_auth_payment_error_message" time="0.318197"></testcase><testcase classname="commerce.onlinebookings.tests.tests.OnlineBookingProcessorTestCase" name="test_confirm_booking" time="0.169547"></testcase><testcase classname="commerce.onlinebookings.tests.tests.OnlineBookingProcessorTestCase" name="test_confirmed_booking" time="0.167957"></testcase><testcase classname="commerce.onlinebookings.tests.tests.OnlineBookingProcessorTestCase" name="test_end_execution_on_waitlist_booking" time="0.090923"></testcase><testcase classname="commerce.onlinebookings.tests.tests.OnlineBookingProcessorTestCase" name="test_failed_flight_booking" time="0.287907"></testcase><testcase classname="commerce.onlinebookings.tests.tests.OnlineBookingProcessorTestCase" name="test_flight_booking" time="0.308487"></testcase><testcase classname="commerce.onlinebookings.tests.tests.OnlineBookingProcessorTestCase" name="test_forwarding_state" time="0.187577"></testcase><testcase classname="commerce.onlinebookings.tests.tests.OnlineBookingProcessorTestCase" name="test_forwarding_state_with_flights" time="0.460254"></testcase><testcase classname="commerce.onlinebookings.tests.tests.OnlineBookingProcessorTestCase" name="test_make_payment_error_message" time="0.142623"></testcase><testcase classname="commerce.onlinebookings.tests.tests.OnlineBookingProcessorTestCase" name="test_option_booking" time="0.114756"></testcase></testsuite><testsuite name="commerce.onlinebookings.tests.tests.OnlineBookingTestCase"><testcase classname="commerce.onlinebookings.tests.tests.OnlineBookingTestCase" name="test_booking_duration_multiple_departures" time="0.071410"></testcase><testcase classname="commerce.onlinebookings.tests.tests.OnlineBookingTestCase" name="test_booking_duration_one_departure" time="0.045047"></testcase><testcase classname="commerce.onlinebookings.tests.tests.OnlineBookingTestCase" name="test_departure_added_after_previously_added_departure" time="0.081248"></testcase><testcase classname="commerce.onlinebookings.tests.tests.OnlineBookingTestCase" name="test_departure_availability" time="0.055790"></testcase><testcase classname="commerce.onlinebookings.tests.tests.OnlineBookingTestCase" name="test_departure_availability_daily_departure" time="0.066852"></testcase><testcase classname="commerce.onlinebookings.tests.tests.OnlineBookingTestCase" name="test_departure_availability_daily_departure_and_regular" time="0.073388"></testcase><testcase classname="commerce.onlinebookings.tests.tests.OnlineBookingTestCase" name="test_departure_order_added_to_booking" time="0.042895"></testcase><testcase classname="commerce.onlinebookings.tests.tests.OnlineBookingTestCase" name="test_departure_order_added_to_booking_contacts_added_after" time="0.061082"></testcase><testcase classname="commerce.onlinebookings.tests.tests.OnlineBookingTestCase" name="test_departure_order_added_to_booking_contacts_added_first" time="0.057530"></testcase><testcase classname="commerce.onlinebookings.tests.tests.OnlineBookingTestCase" name="test_departure_start_end_dates" time="0.093694"></testcase><testcase classname="commerce.onlinebookings.tests.tests.OnlineBookingTestCase" name="test_get_deposit_amount" time="0.114517"></testcase><testcase classname="commerce.onlinebookings.tests.tests.OnlineBookingTestCase" name="test_get_deposit_amount_with_flight" time="0.148573"></testcase><testcase classname="commerce.onlinebookings.tests.tests.OnlineBookingTestCase" name="test_multiple_departures_creates_multiple_departure_order_items" time="0.063668"></testcase><testcase classname="commerce.onlinebookings.tests.tests.OnlineBookingTestCase" name="test_payment_form_american_express_valid_only_for_cad_and_usd" time="0.019561"></testcase><testcase classname="commerce.onlinebookings.tests.tests.OnlineBookingTestCase" name="test_payment_form_both_payments" time="0.131451"></testcase><testcase classname="commerce.onlinebookings.tests.tests.OnlineBookingTestCase" name="test_payment_form_both_payments_with_flight" time="0.265825"></testcase><testcase classname="commerce.onlinebookings.tests.tests.OnlineBookingTestCase" name="test_payment_form_full_payment_only" time="0.123232"></testcase></testsuite><testsuite name="commerce.onlinebookings.tests.tests.PlaneterraDonationTestCase"><testcase classname="commerce.onlinebookings.tests.tests.PlaneterraDonationTestCase" name="test_create_planeterra_donation" time="0.077101"></testcase><testcase classname="commerce.onlinebookings.tests.tests.PlaneterraDonationTestCase" name="test_create_two_planeterra_donation" time="0.079576"></testcase></testsuite><testsuite name="commerce.onlinebookings.tests.tests.PromoTestCase"><testcase classname="commerce.onlinebookings.tests.tests.PromoTestCase" name="test_discount_amount" time="0.065321"></testcase></testsuite><testsuite name="commerce.onlinebookings.tests.test_views.ReviewBookingViewTestCase"><testcase classname="commerce.onlinebookings.tests.test_views.ReviewBookingViewTestCase" name="test_get_context_data" time="0.046211"></testcase><testcase classname="commerce.onlinebookings.tests.test_views.ReviewBookingViewTestCase" name="test_process_booking" time="0.030342"></testcase><testcase classname="commerce.onlinebookings.tests.test_views.ReviewBookingViewTestCase" name="test_process_booking_auth_payment_error" time="0.032520"></testcase><testcase classname="commerce.onlinebookings.tests.test_views.ReviewBookingViewTestCase" name="test_process_booking_epic_failure" time="0.033859"></testcase></testsuite><testsuite name="commerce.onlinebookings.tests.tests.UtilsTestCase"><testcase classname="commerce.onlinebookings.tests.tests.UtilsTestCase" name="test_get_air_fare_rules_for_package" time="0.010544"></testcase></testsuite><testsuite name="content_pages.tests.tests.BlogPostsTestCase"><testcase classname="content_pages.tests.tests.BlogPostsTestCase" name="test_get_post_data" time="2.140058"></testcase><testcase classname="content_pages.tests.tests.BlogPostsTestCase" name="test_timeout" time="0.024218"></testcase></testsuite><testsuite name="content_pages.tests.tests.PageTestCase"><testcase classname="content_pages.tests.tests.PageTestCase" name="test_validate_duplicates" time="0.064582"></testcase></testsuite><testsuite name="content_pages.tests.tests.VideoTestCase"><testcase classname="content_pages.tests.tests.VideoTestCase" name="test_save" time="0.237393"></testcase><testcase classname="content_pages.tests.tests.VideoTestCase" name="test_update_from_vimeo_data" time="0.034256"></testcase><testcase classname="content_pages.tests.tests.VideoTestCase" name="test_vimeo_api_url" time="0.001250"></testcase></testsuite><testsuite name="content_pages.tests.tests.WordPressTestCase"><testcase classname="content_pages.tests.tests.WordPressTestCase" name="test_get_recent_posts" time="1.099439"></testcase><testcase classname="content_pages.tests.tests.WordPressTestCase" name="test_get_tag_posts" time="1.169920"></testcase><testcase classname="content_pages.tests.tests.WordPressTestCase" name="test_get_tags" time="0.450349"></testcase><testcase classname="content_pages.tests.tests.WordPressTestCase" name="test_timeout" time="0.000449"></testcase></testsuite><testsuite name="dossiers.tests.test_models.AccommodationDossierModelTestCase"><testcase classname="dossiers.tests.test_models.AccommodationDossierModelTestCase" name="test_service_level" time="0.102280"></testcase></testsuite><testsuite name="dossiers.tests.test_models.ActivityDossierModelTestCase"><testcase classname="dossiers.tests.test_models.ActivityDossierModelTestCase" name="test_factory" time="0.013785"></testcase></testsuite><testsuite name="dossiers.tests.test_models.CategoryModelTestCase"><testcase classname="dossiers.tests.test_models.CategoryModelTestCase" name="test_code_from_path" time="0.037677"></testcase><testcase classname="dossiers.tests.test_models.CategoryModelTestCase" name="test_generates_code" time="0.051413"></testcase><testcase classname="dossiers.tests.test_models.CategoryModelTestCase" name="test_parented_name" time="0.021158"></testcase><testcase classname="dossiers.tests.test_models.CategoryModelTestCase" name="test_slugify" time="0.037698"></testcase></testsuite><testsuite name="dossiers.tests.test_models.DossierDetailTypeModelTestCase"><testcase classname="dossiers.tests.test_models.DossierDetailTypeModelTestCase" name="test_gets_commons" time="0.022688"></testcase></testsuite><testsuite name="dossiers.tests.test_models.DossierTypeModelTestCase"><testcase classname="dossiers.tests.test_models.DossierTypeModelTestCase" name="test_gets_subtypes" time="0.055943"></testcase><testcase classname="dossiers.tests.test_models.DossierTypeModelTestCase" name="test_gets_types" time="0.038704"></testcase></testsuite><testsuite name="dossiers.tests.test_models.TransportDossierModelTestCase"><testcase classname="dossiers.tests.test_models.TransportDossierModelTestCase" name="test_factory" time="0.011265"></testcase></testsuite><testsuite name="flatpages_redux.tests.FlatpageReduxUrlTest"><testcase classname="flatpages_redux.tests.FlatpageReduxUrlTest" name="test_site_country_restriction" time="0.086340"></testcase><testcase classname="flatpages_redux.tests.FlatpageReduxUrlTest" name="test_site_restriction" time="0.032255"></testcase></testsuite><testsuite name="google_analytics.tests.GoogleDataLayerTestCase"><testcase classname="google_analytics.tests.GoogleDataLayerTestCase" name="test_get_json" time="0.000265"></testcase><testcase classname="google_analytics.tests.GoogleDataLayerTestCase" name="test_initial_data" time="0.000187"></testcase><testcase classname="google_analytics.tests.GoogleDataLayerTestCase" name="test_strict_vars" time="0.000163"></testcase><testcase classname="google_analytics.tests.GoogleDataLayerTestCase" name="test_transaction_products" time="0.000359"></testcase><testcase classname="google_analytics.tests.GoogleDataLayerTestCase" name="test_unicode" time="0.000290"></testcase></testsuite><testsuite name="google_analytics.tests.GoogleDataMiddlewareTestCase"><testcase classname="google_analytics.tests.GoogleDataMiddlewareTestCase" name="test_agent" time="0.099326"></testcase><testcase classname="google_analytics.tests.GoogleDataMiddlewareTestCase" name="test_authenticated_user" time="0.094448"></testcase><testcase classname="google_analytics.tests.GoogleDataMiddlewareTestCase" name="test_process_request" time="0.000265"></testcase><testcase classname="google_analytics.tests.GoogleDataMiddlewareTestCase" name="test_staff_user" time="0.101374"></testcase></testsuite><testsuite name="itineraries.tests.test_model.ComponentTestCase"><testcase classname="itineraries.tests.test_model.ComponentTestCase" name="test_activity_title" time="0.139247"></testcase><testcase classname="itineraries.tests.test_model.ComponentTestCase" name="test_freetime_title" time="0.085629"></testcase><testcase classname="itineraries.tests.test_model.ComponentTestCase" name="test_is_activity" time="0.104296"></testcase><testcase classname="itineraries.tests.test_model.ComponentTestCase" name="test_is_freetime" time="0.077680"></testcase><testcase classname="itineraries.tests.test_model.ComponentTestCase" name="test_is_transport" time="0.108740"></testcase><testcase classname="itineraries.tests.test_model.ComponentTestCase" name="test_location_display" time="0.114648"></testcase><testcase classname="itineraries.tests.test_model.ComponentTestCase" name="test_transport_title" time="0.094389"></testcase></testsuite><testsuite name="itineraries.tests.test_model.ComponentValidationTestCase"><testcase classname="itineraries.tests.test_model.ComponentValidationTestCase" name="test_activity" time="0.000084"></testcase><testcase classname="itineraries.tests.test_model.ComponentValidationTestCase" name="test_freetime" time="0.000074"></testcase><testcase classname="itineraries.tests.test_model.ComponentValidationTestCase" name="test_transport" time="0.000075"></testcase></testsuite><testsuite name="itineraries.tests.test_model.ItineraryDayTestCase"><testcase classname="itineraries.tests.test_model.ItineraryDayTestCase" name="test_legacy_label" time="0.209324"></testcase></testsuite><testsuite name="itineraries.tests.test_model.ItineraryPackingListTestCase"><testcase classname="itineraries.tests.test_model.ItineraryPackingListTestCase" name="test_dont_send_webhook_when_added_with_unpublished_itinerary" time="0.033376"></testcase><testcase classname="itineraries.tests.test_model.ItineraryPackingListTestCase" name="test_send_webhook_when_added_and_removed_with_published_itinerary" time="0.175815"></testcase></testsuite><testsuite name="itineraries.tests.test_model.ItineraryTestCase"><testcase classname="itineraries.tests.test_model.ItineraryTestCase" name="test_get_admin_geodata" time="0.860254"></testcase><testcase classname="itineraries.tests.test_model.ItineraryTestCase" name="test_get_startend_days" time="0.588270"></testcase><testcase classname="itineraries.tests.test_model.ItineraryTestCase" name="test_get_visited_location_ids_no_duplicates" time="0.585602"></testcase><testcase classname="itineraries.tests.test_model.ItineraryTestCase" name="test_get_visited_location_ids_no_null_places" time="0.697539"></testcase><testcase classname="itineraries.tests.test_model.ItineraryTestCase" name="test_update_itinerary_map_with_changed_locations" time="0.740859"></testcase><testcase classname="itineraries.tests.test_model.ItineraryTestCase" name="test_update_itinerary_map_with_no_changed_locations" time="0.682680"></testcase><testcase classname="itineraries.tests.test_model.ItineraryTestCase" name="test_update_itinerary_map_with_no_map" time="0.581831"></testcase></testsuite><testsuite name="localization.tests.UtilsTest"><testcase classname="localization.tests.UtilsTest" name="test_clientside" time="0.000268"></testcase><testcase classname="localization.tests.UtilsTest" name="test_clientside_localip" time="0.000224"></testcase><testcase classname="localization.tests.UtilsTest" name="test_clientside_malformed" time="0.000108"></testcase><testcase classname="localization.tests.UtilsTest" name="test_empty_clientside" time="0.000546"></testcase><testcase classname="localization.tests.UtilsTest" name="test_empty_forwarded" time="0.000417"></testcase><testcase classname="localization.tests.UtilsTest" name="test_fallthrough" time="0.000300"></testcase><testcase classname="localization.tests.UtilsTest" name="test_forwarded" time="0.000291"></testcase><testcase classname="localization.tests.UtilsTest" name="test_forwarded_multi" time="0.000107"></testcase><testcase classname="localization.tests.UtilsTest" name="test_ip_from_clientside" time="0.000104"></testcase><testcase classname="localization.tests.UtilsTest" name="test_ip_from_forwarded" time="0.000101"></testcase><testcase classname="localization.tests.UtilsTest" name="test_remote_only" time="0.000284"></testcase></testsuite><testsuite name="milehigh.tests.AirPackageTestCase"><testcase classname="milehigh.tests.AirPackageTestCase" name="test_air_search" time="0.191321"></testcase></testsuite><testsuite name="milehigh.tests.AnnotationTestCase"><testcase classname="milehigh.tests.AnnotationTestCase" name="test_arrival_time_filter" time="0.043694"></testcase><testcase classname="milehigh.tests.AnnotationTestCase" name="test_earliest_return_filter" time="0.053781"></testcase><testcase classname="milehigh.tests.AnnotationTestCase" name="test_filter_airport_codes" time="2.431249"></testcase></testsuite><testsuite name="milehigh.tests.BaseSearchTestCase"><testcase classname="milehigh.tests.BaseSearchTestCase" name="test_as_odysseus_customers" time="0.022449"></testcase><testcase classname="milehigh.tests.BaseSearchTestCase" name="test_cached_request" time="0.021504"></testcase><testcase classname="milehigh.tests.BaseSearchTestCase" name="test_custom_annotations" time="0.063845"></testcase><testcase classname="milehigh.tests.BaseSearchTestCase" name="test_get_cache_key" time="0.035147"></testcase><testcase classname="milehigh.tests.BaseSearchTestCase" name="test_request" time="0.025217"></testcase><testcase classname="milehigh.tests.BaseSearchTestCase" name="test_request_search_attrs" time="0.060462"></testcase></testsuite><testsuite name="milehigh.tests.BookingTestCase"><testcase classname="milehigh.tests.BookingTestCase" name="test_airpackage_create_from_api" time="0.154190"></testcase><testcase classname="milehigh.tests.BookingTestCase" name="test_create_booking" time="0.169427"></testcase><testcase classname="milehigh.tests.BookingTestCase" name="test_create_booking_failed" time="0.160286"></testcase></testsuite><testsuite name="milehigh.tests.InterfaceTestCase"><testcase classname="milehigh.tests.InterfaceTestCase" name="test_application_id" time="0.046033"></testcase><testcase classname="milehigh.tests.InterfaceTestCase" name="test_country_settings" time="0.047306"></testcase><testcase classname="milehigh.tests.InterfaceTestCase" name="test_default_settings" time="0.038826"></testcase><testcase classname="milehigh.tests.InterfaceTestCase" name="test_django_site_settings" time="0.050993"></testcase><testcase classname="milehigh.tests.InterfaceTestCase" name="test_using_argument" time="0.050319"></testcase></testsuite><testsuite name="notifications.tests.NotificationsTestCase"><testcase classname="notifications.tests.NotificationsTestCase" name="test_get_notifications" time="0.058058"></testcase></testsuite><testsuite name="profiles.tests.ProfileFormTest"><testcase classname="profiles.tests.ProfileFormTest" name="test_bindings" time="0.011884"></testcase><testcase classname="profiles.tests.ProfileFormTest" name="test_empty_country_does_not_produce_internal_server_error" time="0.021509"></testcase></testsuite><testsuite name="profiles.tests.ProfileTest"><testcase classname="profiles.tests.ProfileTest" name="test_saving_profile_when_user_saved" time="0.014986"></testcase></testsuite><testsuite name="profiles.tests.WishlistTest"><testcase classname="profiles.tests.WishlistTest" name="test_add_to_wishlist" time="0.039760"></testcase><testcase classname="profiles.tests.WishlistTest" name="test_remove_From_wishlist" time="0.021130"></testcase></testsuite><testsuite name="trip_summary.tests.HotelTestCase"><testcase classname="trip_summary.tests.HotelTestCase" name="test_creation_private_rooms" time="0.134678"></testcase><testcase classname="trip_summary.tests.HotelTestCase" name="test_creation_shared_rooms" time="0.131433"></testcase><testcase classname="trip_summary.tests.HotelTestCase" name="test_creation_with_contacts_private" time="0.244456"></testcase><testcase classname="trip_summary.tests.HotelTestCase" name="test_creation_with_contacts_shared" time="0.230119"></testcase><testcase classname="trip_summary.tests.HotelTestCase" name="test_hotels_no_doubles" time="0.091345"></testcase><testcase classname="trip_summary.tests.HotelTestCase" name="test_hotels_no_post" time="0.074329"></testcase><testcase classname="trip_summary.tests.HotelTestCase" name="test_hotels_single_double_triple" time="0.206020"></testcase></testsuite><testsuite name="trip_summary.tests.PromoTestCase"><testcase classname="trip_summary.tests.PromoTestCase" name="test_promotion_applied" time="0.197969"></testcase><testcase classname="trip_summary.tests.PromoTestCase" name="test_promotion_precedence" time="0.130527"></testcase></testsuite><testsuite name="trip_summary.tests.TravellerTestCase"><testcase classname="trip_summary.tests.TravellerTestCase" name="test_valid_min_range" time="0.069430"></testcase></testsuite><testsuite name="trip_summary.tests.ValidateBookingTestCase"><testcase classname="trip_summary.tests.ValidateBookingTestCase" name="test_departure_input" time="0.075348"></testcase><testcase classname="trip_summary.tests.ValidateBookingTestCase" name="test_myownroom_input" time="0.083510"></testcase><testcase classname="trip_summary.tests.ValidateBookingTestCase" name="test_planeterra_input" time="0.068465"></testcase></testsuite><testsuite name="trips.tests.tests.ArrivalTransferTestCase"><testcase classname="trips.tests.tests.ArrivalTransferTestCase" name="test_get_proper_priceband" time="0.051400"></testcase></testsuite><testsuite name="trips.tests.tests.CategoryManagerTestCase"><testcase classname="trips.tests.tests.CategoryManagerTestCase" name="test_activities" time="0.059395"></testcase><testcase classname="trips.tests.tests.CategoryManagerTestCase" name="test_contains" time="0.044926"></testcase><testcase classname="trips.tests.tests.CategoryManagerTestCase" name="test_iteration" time="0.059602"></testcase><testcase classname="trips.tests.tests.CategoryManagerTestCase" name="test_merchandising" time="0.064409"></testcase><testcase classname="trips.tests.tests.CategoryManagerTestCase" name="test_physical_grading" time="0.052379"></testcase><testcase classname="trips.tests.tests.CategoryManagerTestCase" name="test_set" time="0.054075"></testcase><testcase classname="trips.tests.tests.CategoryManagerTestCase" name="test_trip_style" time="0.051408"></testcase></testsuite><testsuite name="trips.tests.tests.DepartureTestCase"><testcase classname="trips.tests.tests.DepartureTestCase" name="test_get_age_ranges" time="0.149452"></testcase><testcase classname="trips.tests.tests.DepartureTestCase" name="test_has_price_band_for_ages" time="0.085933"></testcase><testcase classname="trips.tests.tests.DepartureTestCase" name="test_indie_price_band_ages" time="0.145873"></testcase><testcase classname="trips.tests.tests.DepartureTestCase" name="test_multiple_price_band_ages" time="0.183891"></testcase></testsuite><testsuite name="trips.tests.tests.GenericTripAssociationTestCase"><testcase classname="trips.tests.tests.GenericTripAssociationTestCase" name="test_get_indexed_trips" time="0.000066"><skipped>Something in SearchTestCase causes lots of test failures</skipped></testcase></testsuite><testsuite name="trips.tests.tests.PriceManagerTestCase"><testcase classname="trips.tests.tests.PriceManagerTestCase" name="test_get_age_ranges" time="0.178565"></testcase><testcase classname="trips.tests.tests.PriceManagerTestCase" name="test_returns_original_price" time="0.048342"></testcase></testsuite><testsuite name="trips.tests.tests.PromoTestCase"><testcase classname="trips.tests.tests.PromoTestCase" name="test_affected_dossier_codes" time="0.176670"></testcase><testcase classname="trips.tests.tests.PromoTestCase" name="test_affected_trip_codes" time="0.111116"></testcase><testcase classname="trips.tests.tests.PromoTestCase" name="test_automatic_promo" time="0.094556"></testcase><testcase classname="trips.tests.tests.PromoTestCase" name="test_departures_after_before" time="0.118234"></testcase><testcase classname="trips.tests.tests.PromoTestCase" name="test_excluded_trip_codes" time="0.103261"></testcase><testcase classname="trips.tests.tests.PromoTestCase" name="test_get_highest_ranked_promo" time="0.289649"></testcase><testcase classname="trips.tests.tests.PromoTestCase" name="test_get_promotions_available_for_currency" time="0.114173"></testcase><testcase classname="trips.tests.tests.PromoTestCase" name="test_rooms" time="0.076800"></testcase><testcase classname="trips.tests.tests.PromoTestCase" name="test_service_levels" time="0.129696"></testcase><testcase classname="trips.tests.tests.PromoTestCase" name="test_set_currencies" time="0.062796"></testcase><testcase classname="trips.tests.tests.PromoTestCase" name="test_set_rooms" time="0.068464"></testcase><testcase classname="trips.tests.tests.PromoTestCase" name="test_update_departures" time="0.093457"></testcase></testsuite><testsuite name="trips.tests.tests.TripCategorizationTestCase"><testcase classname="trips.tests.tests.TripCategorizationTestCase" name="test_trip_types_lookup" time="0.008539"></testcase></testsuite><testsuite name="trips.tests.tests.TripCopyTestCase"><testcase classname="trips.tests.tests.TripCopyTestCase" name="test_copy" time="0.125310"></testcase></testsuite><testsuite name="trips.tests.tests.TripItineraryAssociationTestCase"><testcase classname="trips.tests.tests.TripItineraryAssociationTestCase" name="test_dont_send_webhook_when_added_with_unpublished_itinerary" time="0.070336"></testcase><testcase classname="trips.tests.tests.TripItineraryAssociationTestCase" name="test_send_webhook_when_added_and_removed_with_published_itinerary" time="0.072172"></testcase></testsuite><testsuite name="trips.tests.tests.TripQuerySetTestCase"><testcase classname="trips.tests.tests.TripQuerySetTestCase" name="test_in_category" time="0.077271"></testcase><testcase classname="trips.tests.tests.TripQuerySetTestCase" name="test_intersecting_date_range" time="0.083607"></testcase></testsuite><testsuite name="trips.tests.tests.TripSearchIndexTestCase"><testcase classname="trips.tests.tests.TripSearchIndexTestCase" name="test_prepare_promotions_data" time="0.091683"></testcase></testsuite><testsuite name="trips.tests.tests.TripStateTestCase"><testcase classname="trips.tests.tests.TripStateTestCase" name="test_cancel_trip" time="0.072098"></testcase><testcase classname="trips.tests.tests.TripStateTestCase" name="test_delete_trip" time="0.095773"></testcase><testcase classname="trips.tests.tests.TripStateTestCase" name="test_expire_trip" time="0.124355"></testcase><testcase classname="trips.tests.tests.TripStateTestCase" name="test_publish_trip" time="0.058765"></testcase></testsuite><testsuite name="trips.tests.tests.TripTestCase"><testcase classname="trips.tests.tests.TripTestCase" name="test_get_passenger_extras" time="0.060333"></testcase><testcase classname="trips.tests.tests.TripTestCase" name="test_get_physical_grading" time="0.025503"></testcase><testcase classname="trips.tests.tests.TripTestCase" name="test_get_room_list" time="0.058318"></testcase><testcase classname="trips.tests.tests.TripTestCase" name="test_get_room_prices" time="0.085760"></testcase><testcase classname="trips.tests.tests.TripTestCase" name="test_has_activity" time="0.024274"></testcase><testcase classname="trips.tests.tests.TripTestCase" name="test_is_greek_sailing" time="0.025249"></testcase><testcase classname="trips.tests.tests.TripTestCase" name="test_is_independent_trip" time="0.025067"></testcase><testcase classname="trips.tests.tests.TripTestCase" name="test_is_primary_country" time="0.011914"></testcase><testcase classname="trips.tests.tests.TripTestCase" name="test_is_sailing_trip" time="0.024773"></testcase><testcase classname="trips.tests.tests.TripTestCase" name="test_is_thailand_sailing" time="0.026333"></testcase><testcase classname="trips.tests.tests.TripTestCase" name="test_is_trip_style" time="0.023416"></testcase><testcase classname="trips.tests.tests.TripTestCase" name="test_is_volunteer" time="0.030889"></testcase><testcase classname="trips.tests.tests.TripTestCase" name="test_is_yolo_trip" time="0.024942"></testcase></testsuite><testsuite name="trips.tests.tests.UtilsTestCase"><testcase classname="trips.tests.tests.UtilsTestCase" name="test_itinerary_label" time="0.000448"></testcase><testcase classname="trips.tests.tests.UtilsTestCase" name="test_parse_itinerary_label" time="0.001035"></testcase></testsuite><testsuite name="visa_forms.tests.VisaFormsTest"><testcase classname="visa_forms.tests.VisaFormsTest" name="test_embassy_list_creation" time="0.113775"></testcase><testcase classname="visa_forms.tests.VisaFormsTest" name="test_form_field_list_creation" time="0.116802"></testcase><testcase classname="visa_forms.tests.VisaFormsTest" name="test_prep_and_send_email" time="0.096647"></testcase><testcase classname="visa_forms.tests.VisaFormsTest" name="test_prep_and_send_email_with_error" time="0.109377"></testcase><testcase classname="visa_forms.tests.VisaFormsTest" name="test_visa_config_creation" time="0.074726"></testcase><testcase classname="visa_forms.tests.VisaFormsTest" name="test_visa_creation" time="0.106965"></testcase></testsuite><testsuite name="itineraries.tests.test_utils.UtilsDistanceTimeTestCase"><testcase classname="itineraries.tests.test_utils.UtilsDistanceTimeTestCase" name="test_parse_dt_distance_only" time="0.000754"></testcase><testcase classname="itineraries.tests.test_utils.UtilsDistanceTimeTestCase" name="test_parse_dt_distance_time" time="0.000133"></testcase><testcase classname="itineraries.tests.test_utils.UtilsDistanceTimeTestCase" name="test_parse_dt_label" time="0.000097"></testcase><testcase classname="itineraries.tests.test_utils.UtilsDistanceTimeTestCase" name="test_parse_dt_label_time" time="0.000079"></testcase><testcase classname="itineraries.tests.test_utils.UtilsDistanceTimeTestCase" name="test_parse_dt_time_only" time="0.000085"></testcase><testcase classname="itineraries.tests.test_utils.UtilsDistanceTimeTestCase" name="test_parse_dt_time_present_tense" time="0.000071"></testcase><testcase classname="itineraries.tests.test_utils.UtilsDistanceTimeTestCase" name="test_parse_dt_time_range" time="0.000092"></testcase></testsuite><testsuite name="itineraries.tests.test_utils.UtilsTestCase"><testcase classname="itineraries.tests.test_utils.UtilsTestCase" name="test_create_days" time="0.285171"></testcase><testcase classname="itineraries.tests.test_utils.UtilsTestCase" name="test_create_days_meals_included" time="0.075722"></testcase><testcase classname="itineraries.tests.test_utils.UtilsTestCase" name="test_create_days_with_grouped_days" time="0.563684"></testcase><testcase classname="itineraries.tests.test_utils.UtilsTestCase" name="test_create_structured_itinerary" time="0.933581"></testcase><testcase classname="itineraries.tests.test_utils.UtilsTestCase" name="test_create_structured_itinerary_when_itinerary_already_exists" time="0.089216"></testcase><testcase classname="itineraries.tests.test_utils.UtilsTestCase" name="test_create_structured_itinerary_when_trip_already_has_itinerary" time="0.783787"></testcase><testcase classname="itineraries.tests.test_utils.UtilsTestCase" name="test_create_structured_itinerary_with_grouped_days" time="0.532426"></testcase><testcase classname="itineraries.tests.test_utils.UtilsTestCase" name="test_parse_itinerary_label" time="0.075800"></testcase><testcase classname="itineraries.tests.test_utils.UtilsTestCase" name="test_update_summary" time="0.852609"></testcase><testcase classname="itineraries.tests.test_utils.UtilsTestCase" name="test_update_summary_no_existing_itinerary" time="0.067743"></testcase><testcase classname="itineraries.tests.test_utils.UtilsTestCase" name="test_update_summary_split_same_as_day" time="0.566669"></testcase></testsuite></testsuites>